Loading user config located at: 'c:/users/kskzz/miniconda3/envs/env_isaaclab/lib/site-packages/isaacsim/kit/data/Kit/Isaac-Sim/5.1/user.config.json'
[Info] [carb] Logging to file: c:/users/kskzz/miniconda3/envs/env_isaaclab/lib/site-packages/isaacsim/kit/logs/Kit/Isaac-Sim/5.1/kit_20260924_215101.log
[0.260s] [ext: omni.kit.async_engine-0.0.3] startup
[0.769s] [ext: omni.metrics.core-0.0.3] startup
[0.770s] [ext: omni.client.lib-1.1.0] startup
[0.852s] [ext: omni.blobkey-1.1.2] startup
[0.854s] [ext: omni.stats-1.0.1] startup
[0.862s] [ext: omni.datastore-0.0.0] startup
[0.867s] [ext: omni.client-1.3.0] startup
[0.888s] [ext: omni.ujitso.default-1.0.0] startup
[0.894s] [ext: omni.hsscclient-1.1.2] startup
[0.913s] [ext: omni.gpu_foundation.shadercache.vulkan-1.0.0] startup
[0.921s] [ext: omni.assets.plugins-0.0.0] startup
[0.935s] [ext: omni.gpu_foundation-0.0.0] startup
[1.012s] [ext: carb.windowing.plugins-1.0.0] startup
[1.216s] [ext: omni.kit.renderer.init-0.0.0] startup
[1.217s] [ext: omni.materialx.libs-1.0.7] startup
[1.262s] [ext: omni.kit.loop-isaac-1.3.7] startup
[1.267s] [ext: omni.kit.test-2.0.1] startup
[1.399s] [ext: omni.kit.pipapi-0.0.0] startup
[1.401s] [ext: omni.usd.config-1.0.6] startup
[1.422s] [ext: omni.gpucompute.plugins-0.0.0] startup
[1.426s] [ext: omni.usd.libs-1.0.1] startup
[1.813s] [ext: omni.kit.pip_archive-0.0.0] startup
[1.814s] [ext: omni.mdl-56.0.3] startup
[1.874s] [ext: omni.iray.libs-0.0.0] startup
[2.040s] [ext: omni.mdl.neuraylib-0.2.12] startup
[2.054s] [ext: omni.kit.usd.mdl-1.1.5] startup
2026-09-25T01:51:03Z [1,948ms] [Warning] [gpu.foundation.plugin] Skipping unsupported non-NVIDIA GPU: Intel(R) RaptorLake-S Mobile Graphics Controller
2026-09-25T01:51:03Z [1,948ms] [Warning] [gpu.foundation.plugin] Skipping unsupported non-NVIDIA GPU: Intel(R) RaptorLake-S Mobile Graphics Controller
2026-09-25T01:51:03Z [1,948ms] [Warning] [gpu.foundation.plugin] Skipping unsupported non-NVIDIA GPU: Intel(R) RaptorLake-S Mobile Graphics Controller
2026-09-25T01:51:03Z [1,949ms] [Warning] [gpu.foundation.plugin] Skipping unsupported non-NVIDIA GPU: Intel(R) RaptorLake-S Mobile Graphics Controller
2026-09-25T01:51:03Z [1,949ms] [Warning] [gpu.foundation.plugin] Skipping unsupported non-NVIDIA GPU: Intel(R) RaptorLake-S Mobile Graphics Controller
2026-09-25T01:51:03Z [1,949ms] [Warning] [gpu.foundation.plugin] Skipping unsupported non-NVIDIA GPU: Intel(R) RaptorLake-S Mobile Graphics Controller
[2.445s] [ext: omni.kit.telemetry-0.5.2] startup
[2.470s] [ext: omni.appwindow-1.1.10] startup

|---------------------------------------------------------------------------------------------|
| Driver Version: 581.29        | Graphics API: Vulkan
|=============================================================================================|
| GPU | Name                             | Active | LDA | GPU Memory | Vendor-ID | LUID       |
|     |                                  |        |     |            | Device-ID | UUID       |
|     |                                  |        |     |            | Bus-ID    |            |
|---------------------------------------------------------------------------------------------|
| 0   | NVIDIA GeForce RTX 4080 Laptop.. | Yes: 0 |     | 11997   MB | 10de      | e7a00100.. |
|     |                                  |        |     |            | 27e0      | 36780613.. |
|     |                                  |        |     |            | 1         |            |
|---------------------------------------------------------------------------------------------|
| 1   | Intel(R) RaptorLake-S Mobile G.. |        |     | 16228   MB | 8086      | d09c0100.. |
|     |                                  |        |     |            | a788      | 868088a7.. |
|     |                                  |        |     |            | N/A       |            |
|---------------------------------------------------------------------------------------------|
| 2   | Intel(R) RaptorLake-S Mobile G.. |        |     | 16228   MB | 8086      | 4a430200.. |
|     |                                  |        |     |            | a788      | 868088a7.. |
|     |                                  |        |     |            | N/A       |            |
|---------------------------------------------------------------------------------------------|
| 3   | Intel(R) RaptorLake-S Mobile G.. |        |     | 16228   MB | 8086      | cd3e0200.. |
|     |                                  |        |     |            | a788      | 868088a7.. |
|     |                                  |        |     |            | N/A       |            |
|=============================================================================================|
| OS: Windows 11 Home, Version: 10.0 (25H2), Build: 26200, Kernel: 10.0.26100.9457
| Processor: 13th Gen Intel(R) Core(TM) i9-13900HX
| Cores: 24 | Logical Cores: 32
|---------------------------------------------------------------------------------------------|
| Total Memory (MB): 32456 | Free Memory: 8008
| Total Page/Swap (MB): 71473 | Free Page/Swap: 36180
|---------------------------------------------------------------------------------------------|
[2.509s] [ext: omni.kit.renderer.core-1.1.0] startup
[2.521s] [ext: omni.kit.renderer.capture-0.0.0] startup
[2.531s] [ext: omni.kit.renderer.imgui-2.0.5] startup
2026-09-25T01:51:03Z [2,424ms] [Warning] [gpu.foundation.plugin] PCIe link width current (8) and maximum (16) for device 0 don't match.
[2.558s] [ext: omni.ui-2.27.1] startup
[2.599s] [ext: omni.kit.mainwindow-1.0.3] startup
[2.605s] [ext: carb.audio-0.1.0] startup
[2.609s] [ext: omni.uiaudio-1.0.0] startup
[2.616s] [ext: omni.kit.uiapp-0.0.0] startup
[2.616s] [ext: omni.usd.schema.metrics.assembler-107.3.1] startup
[2.633s] [ext: omni.usd.schema.audio-0.0.0] startup
[2.653s] [ext: omni.usd_resolver-1.0.0] startup
[2.684s] [ext: omni.usd.core-1.5.3] startup
[2.692s] [ext: omni.usd.schema.render_settings.rtx-0.0.0] startup
[2.761s] [ext: omni.usd.schema.semantics-0.0.0] startup
[2.777s] [ext: omni.usd.schema.geospatial-0.0.0] startup
[2.795s] [ext: omni.usd.schema.anim-0.0.0] startup
[2.890s] [ext: omni.usd.schema.omni_lens_distortion-0.0.0] startup
[2.892s] [ext: isaacsim.robot.schema-3.6.0] startup
[2.937s] [ext: omni.usd.schema.omnigraph-1.0.0] startup
[2.963s] [ext: omni.usd.schema.physx-107.3.26] startup
[3.041s] [ext: omni.usd.schema.omni_sensors-0.0.0] startup
[3.044s] [ext: omni.usd.schema.omniscripting-1.0.0] startup
[3.058s] [ext: omni.graph.exec-0.9.6] startup
[3.060s] [ext: omni.kit.actions.core-1.0.0] startup
[3.069s] [ext: omni.kit.usd_undo-0.1.8] startup
[3.071s] [ext: omni.kit.exec.core-0.13.4] startup
[3.080s] [ext: omni.kit.commands-1.4.10] startup
[3.093s] [ext: omni.kit.window.popup_dialog-2.0.24] startup
[3.105s] [ext: omni.activity.core-1.0.3] startup
[3.111s] [ext: omni.resourcemonitor-107.0.1] startup
[3.118s] [ext: omni.timeline-1.0.14] startup
[3.126s] [ext: omni.kit.widget.nucleus_connector-2.0.1] startup
[3.132s] [ext: usdrt.scenegraph-7.6.1] startup
[3.268s] [ext: omni.kit.audiodeviceenum-1.0.2] startup
[3.275s] [ext: omni.hydra.usdrt_delegate-7.5.1] startup
[3.297s] [ext: omni.hydra.scene_delegate-0.3.4] startup
[3.305s] [ext: omni.usd-1.13.10] startup
[3.381s] [ext: omni.kit.asset_converter-5.0.17] startup
[3.418s] [ext: omni.index.libs-380600.8087.0] startup
[3.418s] [ext: omni.volume-0.5.2] startup
[3.440s] [ext: omni.ujitso.client-0.0.0] startup
[3.441s] [ext: omni.index-1.0.1] startup
[3.444s] [ext: omni.hydra.rtx.shadercache.vulkan-1.0.0] startup
[3.448s] [ext: omni.hydra.rtx-1.0.0] startup
[3.608s] [ext: omni.kit.notification_manager-1.0.10] startup
[3.613s] [ext: omni.kit.clipboard-1.0.5] startup
[3.616s] [ext: omni.kit.viewport.legacy_gizmos-1.0.19] startup
[3.620s] [ext: omni.kit.raycast.query-1.1.0] startup
[3.628s] [ext: omni.kit.menu.core-1.1.2] startup
[3.629s] [ext: omni.kit.widget.options_menu-1.1.6] startup
[3.640s] [ext: omni.kit.helper.file_utils-0.1.9] startup
[3.643s] [ext: omni.kit.widget.path_field-2.0.11] startup
[3.646s] [ext: omni.kit.widget.context_menu-1.2.5] startup
[3.650s] [ext: omni.kit.widget.options_button-1.0.3] startup
[3.653s] [ext: omni.kit.widget.filebrowser-2.12.3] startup
[3.667s] [ext: omni.kit.widget.browser_bar-2.0.10] startup
[3.670s] [ext: omni.kit.usd.layers-2.2.11] startup
[3.694s] [ext: omni.ui.scene-1.11.5] startup
[3.710s] [ext: omni.kit.viewport.registry-104.0.6] startup
[3.711s] [ext: omni.kit.window.filepicker-2.13.4] startup
[3.757s] [ext: omni.kit.menu.utils-2.0.5] startup
[3.775s] [ext: omni.kit.context_menu-1.8.6] startup
[3.781s] [ext: omni.kit.viewport.scene_camera_model-1.0.6] startup
[3.785s] [ext: omni.kit.hydra_texture-1.4.6] startup
[3.794s] [ext: omni.kit.window.file_importer-1.1.18] startup
[3.803s] [ext: omni.kit.widget.searchable_combobox-1.0.6] startup
[3.807s] [ext: omni.kit.window.drop_support-1.0.5] startup
[3.808s] [ext: omni.kit.widget.viewport-107.1.3] startup
[3.824s] [ext: omni.kit.material.library-2.0.7] startup
[3.838s] [ext: omni.hydra.engine.stats-1.0.3] startup
[3.842s] [ext: omni.kit.widget.settings-1.2.6] startup
[3.847s] [ext: omni.kit.viewport.window-107.2.0] startup
[4.429s] [ext: omni.kit.window.preferences-1.8.0] startup
[4.454s] [ext: omni.kit.widget.toolbar-2.0.1] startup
[4.477s] [ext: omni.kit.viewport.utility-1.1.2] startup
[4.478s] [ext: omni.kit.manipulator.transform-107.0.0] startup
[4.491s] [ext: omni.kit.manipulator.tool.snap-1.5.13] startup
[4.504s] [ext: omni.kit.manipulator.selector-1.1.3] startup
[4.508s] [ext: omni.kit.property.adapter.core-1.0.2] startup
[4.515s] [ext: omni.kit.viewport.manipulator.transform-107.0.4] startup
[4.521s] [ext: omni.kit.manipulator.viewport-107.0.1] startup
[4.525s] [ext: omni.kit.property.adapter.fabric-1.0.3] startup
[4.529s] [ext: omni.kit.manipulator.prim.core-107.0.8] startup
[4.547s] [ext: omni.kit.primitive.mesh-1.0.17] startup
[4.559s] [ext: omni.kit.widget.filter-1.1.4] startup
[4.562s] [ext: omni.kit.hotkeys.core-1.3.10] startup
[4.565s] [ext: omni.kit.manipulator.prim.usd-107.0.3] startup
[4.568s] [ext: omni.fabric.commands-1.1.6] startup
[4.575s] [ext: omni.kit.window.file_exporter-1.0.33] startup
[4.578s] [ext: omni.kit.widget.searchfield-1.1.8] startup
[4.582s] [ext: omni.kit.manipulator.prim.fabric-107.0.4] startup
[4.586s] [ext: omni.debugdraw-0.1.4] startup
[4.594s] [ext: omni.kit.widget.stage-3.1.4] startup
[4.630s] [ext: omni.kit.property.adapter.usd-1.0.2] startup
[4.634s] [ext: omni.kit.manipulator.prim-107.0.0] startup
[4.634s] [ext: omni.kvdb-107.3.26] startup
[4.643s] [ext: omni.convexdecomposition-107.3.26] startup
[4.652s] [ext: omni.physx.foundation-107.3.26] startup
[4.671s] [ext: omni.localcache-107.3.26] startup
[4.679s] [ext: omni.kit.window.content_browser_registry-0.0.6] startup
[4.681s] [ext: omni.kit.widget.highlight_label-1.0.3] startup
[4.684s] [ext: omni.kit.stage_template.core-1.1.22] startup
[4.686s] [ext: omni.usdphysics-107.3.26] startup
[4.691s] [ext: omni.kit.window.file-2.0.5] startup
[4.700s] [ext: omni.physx.cooking-107.3.26] startup
[4.712s] [ext: omni.physics-107.3.26] startup
[4.724s] [ext: omni.kit.window.property-1.12.1] startup
[4.734s] [ext: omni.kit.window.content_browser-3.1.3] startup
[4.756s] [ext: omni.physx-107.3.26] startup
[4.796s] [ext: omni.physics.stageupdate-107.3.26] startup
[4.806s] [ext: omni.kit.property.usd-4.5.12] startup
[4.831s] [ext: omni.kit.manipulator.selection-106.0.1] startup
[4.835s] [ext: omni.physics.physx-107.3.26] startup
2026-09-25T01:51:05Z [4,705ms] [Warning] [carb] Acquiring non optional plugin interface which is not listed as dependency: [omni::physx::IPhysxBenchmarks v1.0] (plugin: <default plugin>), by client: omni.physics.physx.plugin. Add it to CARB_PLUGIN_IMPL_DEPS() macro of a client.
[4.837s] [ext: omni.kit.widget.prompt-1.0.7] startup
[4.840s] [ext: omni.kit.viewport.menubar.core-107.2.1] startup
[4.880s] [ext: omni.kit.viewport.actions-107.0.2] startup
[4.888s] [ext: omni.inspect-1.0.2] startup
[4.896s] [ext: omni.kit.widget.layers-1.8.6] startup
[4.931s] [ext: omni.kit.viewport.menubar.display-107.0.3] startup
[4.937s] [ext: omni.usd.metrics.assembler-107.3.1] startup
[4.957s] [ext: omni.graph.core-2.184.5] startup
[4.976s] [ext: omni.kit.numpy.common-0.1.3] startup
[4.981s] [ext: omni.usdphysics.ui-107.3.26] startup
[5.016s] [ext: omni.physx.commands-107.3.26] startup
[5.023s] [ext: isaacsim.core.deprecation_manager-0.2.7] startup
[5.025s] [ext: omni.isaac.dynamic_control-2.0.7] startup
2026-09-25T01:51:05Z [4,909ms] [Warning] [omni.isaac.dynamic_control] omni.isaac.dynamic_control is deprecated as of Isaac Sim 4.5. No action is needed from end-users.
[5.042s] [ext: omni.physx.ui-107.3.26] startup
[5.106s] [ext: isaacsim.core.version-2.0.6] startup
[5.108s] [ext: omni.physics.tensors-107.3.26] startup
[5.123s] [ext: omni.warp.core-1.8.2] startup
[5.332s] [ext: omni.usd.metrics.assembler.physics-107.3.26] startup
[5.338s] [ext: isaacsim.storage.native-1.5.1] startup
[5.343s] [ext: omni.physx.tensors-107.3.26] startup
[5.351s] [ext: isaacsim.core.utils-3.5.1] startup
[5.359s] [ext: isaacsim.core.simulation_manager-1.4.4] startup
[5.877s] [ext: omni.kit.widget.stage_icons-1.0.8] startup
[5.879s] [ext: omni.kit.widget.text_editor-1.1.1] startup
[5.887s] [ext: omni.kit.window.stage-2.6.1] startup
[5.894s] [ext: omni.kit.menu.create-2.0.1] startup
[5.897s] [ext: omni.kit.window.extensions-1.4.27] startup
[5.913s] [ext: omni.kit.scripting-107.3.2] startup
[5.926s] [ext: omni.kit.stagerecorder.core-107.0.3] startup
[5.935s] [ext: isaacsim.replicator.behavior-1.1.16] startup
[5.937s] [ext: omni.graph.tools-1.79.2] startup
[6.002s] [ext: omni.ui_query-1.1.8] startup
[6.004s] [ext: omni.kit.widget.zoombar-1.0.6] startup
[6.006s] [ext: omni.graph-1.141.2] startup
[6.102s] [ext: omni.graph.action_core-1.1.7] startup
[6.111s] [ext: omni.kit.ui_test-1.3.7] startup
[6.117s] [ext: omni.kit.browser.core-2.3.13] startup
[6.131s] [ext: omni.kit.usd.collect-2.4.5] startup
[6.137s] [ext: omni.graph.action_nodes-1.50.4] startup
[6.152s] [ext: omni.kit.menu.stage-1.2.7] startup
[6.159s] [ext: omni.kit.browser.folder.core-1.10.9] startup
[6.180s] [ext: omni.kit.usdz_export-1.0.9] startup
[6.185s] [ext: omni.graph.visualization.nodes-2.1.3] startup
[6.205s] [ext: omni.graph.action-1.130.0] startup
[6.210s] [ext: omni.kit.tool.collect-2.2.18] startup
[6.225s] [ext: omni.kit.tool.asset_importer-4.3.2] startup
[6.258s] [ext: isaacsim.gui.components-1.2.1] startup
[6.268s] [ext: isaacsim.examples.browser-0.2.1] startup
[6.276s] [ext: isaacsim.asset.importer.urdf-2.4.31] startup
[6.485s] [ext: isaacsim.core.cloner-1.4.10] startup
[6.497s] [ext: omni.kit.stagerecorder.ui-107.0.1] startup
[6.507s] [ext: isaacsim.asset.browser-1.3.23] startup
[6.656s] [ext: semantics.schema.editor-2.0.2] startup
2026-09-25T01:51:07Z [6,537ms] [Warning] [pxr.Semantics] pxr.Semantics is deprecated - please use Semantics instead
[6.671s] [ext: omni.kit.stagerecorder.bundle-105.0.2] startup
[6.672s] [ext: omni.kit.window.status_bar-0.1.9] startup
[6.676s] [ext: omni.kit.widget.graph-2.0.0] startup
[6.692s] [ext: omni.kit.stage_templates-2.0.0] startup
[6.699s] [ext: omni.graph.image.core-0.6.1] startup
[6.704s] [ext: omni.kit.graph.delegate.default-1.2.3] startup
[6.706s] [ext: isaacsim.core.experimental.utils-0.3.0] startup
[6.710s] [ext: omni.graph.image.nodes-1.3.1] startup
[6.715s] [ext: omni.kit.graph.editor.core-1.5.3] startup
[6.723s] [ext: omni.kit.graph.usd.commands-1.3.1] startup
[6.725s] [ext: omni.graph.nodes-1.170.10] startup
[6.783s] [ext: omni.graph.ui_nodes-1.50.5] startup
[6.795s] [ext: omni.kit.widget.material_preview-1.0.16] startup
[6.801s] [ext: omni.syntheticdata-0.6.13] startup
[6.868s] [ext: omni.videoencoding-0.1.2] startup
[6.882s] [ext: omni.warp-1.8.2] startup
[6.905s] [ext: omni.kit.window.material_graph-1.9.1] startup
[6.934s] [ext: omni.graph.scriptnode-1.50.0] startup
[6.939s] [ext: isaacsim.core.prims-0.6.1] startup
[7.000s] [ext: isaacsim.test.docstring-1.1.0] startup
[7.012s] [ext: omni.replicator.core-1.12.27] startup
2026-09-25T01:51:08Z [7,259ms] [Warning] [omni.graph.core.plugin] Found duplicate of category 'Replicator' - was 'Annotators', adding 'Fabric Reader'
C:\Users\kskzz\miniconda3\envs\env_isaaclab\Lib\site-packages\h5py\__init__.py:36: UserWarning: h5py is running against HDF5 1.14.6 when it was built against 1.14.2, this may cause problems
  _warn(("h5py is running against HDF5 {0} when it was built against {1}, "
2026-09-25T01:51:08Z [7,259ms] [Warning] [omni.graph.core.plugin] Category 'Replicator' not accepted on node type 'omni.replicator.core.FabricReader' in extension 'omni.replicator.core'
2026-09-25T01:51:08Z [7,262ms] [Warning] [omni.replicator.core.scripts.extension] No material configuration file, adding configuration to material settings directly.
[7.397s] [ext: isaacsim.core.api-4.8.0] startup
[7.444s] [ext: isaacsim.core.experimental.prims-0.8.1] startup
[7.507s] [ext: isaacsim.core.nodes-3.4.3] startup
[7.529s] [ext: isaacsim.robot.surface_gripper-3.3.1] startup
[7.555s] [ext: isaacsim.util.debug_draw-3.1.0] startup
[7.578s] [ext: omni.sensors.nv.common-3.0.0] startup
[7.696s] [ext: isaacsim.robot.manipulators-3.3.6] startup
[7.720s] [ext: isaacsim.sensors.physx-2.3.2] startup
[7.773s] [ext: omni.sensors.nv.materials-2.0.0] startup
[7.809s] [ext: omni.sensors.net-1.0.0] startup
[7.840s] [ext: isaacsim.app.about-2.0.11] startup
[7.861s] [ext: isaacsim.simulation_app-2.12.2] startup
[7.872s] [ext: omni.sensors.nv.ids-2.0.0] startup
[7.906s] [ext: omni.sensors.nv.lidar-3.0.0] startup
[7.956s] [ext: omni.kit.property.audio-1.0.16] startup
[8.007s] [ext: omni.kit.property.camera-1.0.10] startup
[8.014s] [ext: omni.kit.property.geometry-2.0.4] startup
[8.068s] [ext: omni.hydra.scene_api-0.1.2] startup
[8.087s] [ext: omni.kit.property.light-1.0.12] startup
[8.135s] [ext: omni.sensors.nv.wpm-3.0.0] startup
[8.158s] [ext: omni.kit.selection-0.1.6] startup
[8.182s] [ext: omni.kit.property.material-1.11.9] startup
[8.352s] [ext: omni.kit.property.transform-1.5.13] startup
[8.363s] [ext: omni.kit.property.render-1.2.1] startup
[8.368s] [ext: omni.sensors.nv.radar-3.0.0] startup
[8.393s] [ext: isaacsim.gui.menu-2.4.4] startup
[8.418s] [ext: omni.kit.manipulator.camera-106.0.4] startup
[8.433s] [ext: isaacsim.gui.property-1.1.3] startup
[8.442s] [ext: omni.kit.property.bundle-1.4.1] startup
[8.448s] [ext: isaacsim.sensors.rtx-15.8.4] startup
[8.478s] [ext: isaacsim.sensors.physics-0.4.3] startup
[8.498s] [ext: omni.kit.viewport.menubar.camera-107.0.6] startup
[8.517s] [ext: omni.kit.viewport.menubar.lighting-107.3.1] startup
[8.527s] [ext: omni.kit.viewport.menubar.settings-107.0.3] startup
[8.544s] [ext: omni.kit.viewport.menubar.render-107.0.10] startup
[8.552s] [ext: isaacsim.robot.policy.examples-4.1.11] startup
[8.555s] [ext: isaacsim.asset.importer.mjcf-2.5.13] startup
[8.572s] [ext: omni.kit.window.console-1.1.4] startup
[8.588s] [ext: omni.rtx.window.settings-0.6.19] startup
[8.602s] [ext: omni.ocio-0.1.1] startup
[8.608s] [ext: omni.physx.demos-107.3.26] startup
[8.681s] [ext: omni.kit.property.physx-107.3.26] startup
[8.719s] [ext: omni.replicator.replicator_yaml-2.0.11] startup
[8.729s] [ext: omni.asset_validator.core-1.1.6] startup
[8.827s] [ext: omni.rtx.settings.core-0.6.5] startup
[8.836s] [ext: omni.physx.vehicle-107.3.26] startup
[8.877s] [ext: omni.usd.metrics.assembler.ui-107.3.1] startup
[8.893s] [ext: omni.kit.window.script_editor-2.0.1] startup
[8.903s] [ext: isaacsim.robot.wheeled_robots-4.0.24] startup
[8.930s] [ext: omni.physx.asset_validator-107.3.26] startup
[8.953s] [ext: omni.kit.window.toolbar-2.0.0] startup
[8.960s] [ext: omni.physx.camera-107.3.26] startup
[8.984s] [ext: omni.anim.curve.core-1.3.1] startup
[9.020s] [ext: omni.physx.cct-107.3.26] startup
[9.046s] [ext: omni.physx.graph-107.3.26] startup
[9.077s] [ext: omni.physx.supportui-107.3.26] startup
[9.110s] [ext: omni.physx.telemetry-107.3.26] startup
[9.116s] [ext: isaaclab-0.54.3] startup
[9.522s] [ext: isaaclab_contrib-0.0.2] startup
[9.524s] [ext: isaacsim.core.throttling-2.2.2] startup
[9.530s] [ext: omni.kit.ui.actions-1.0.5] startup
[9.535s] [ext: semantics.schema.property-2.0.1] startup
[9.540s] [ext: omni.physx.bundle-107.3.26] startup
[9.541s] [ext: isaacsim.sensors.camera-1.3.6] startup
[9.550s] [ext: isaaclab_assets-0.2.4] startup
[10.041s] [ext: isaaclab_tasks-0.11.16] startup
[10.472s] [ext: omni.kit.menu.common-2.0.1] startup
[10.475s] [ext: isaaclab_rl-0.5.1] startup
[10.477s] [ext: isaaclab_mimic-1.0.16] startup
[10.478s] [ext: isaaclab.python-2.3.2] startup
[10.482s] Simulation App Starting
2026-09-25T01:51:13Z [12,092ms] [Warning] [omni.fabric.plugin] Warning: attribute viewportHandle not found for bucket id 9

[12.375s] app ready
[INFO][AppLauncher]: Using device: cuda:0
[INFO][AppLauncher]: Loading experience file: C:\robotics_sim\IsaacLab\apps\isaaclab.python.kit
--------------------------------------------------------------------------------
Resolved observation sets: 
	 actor :  ['policy']
	 critic :  ['critic']
--------------------------------------------------------------------------------
Actor Model: SemanticRRCaptureLocalHistoryMLPModel(
  (obs_normalizer): Identity()
  (distribution): HeteroscedasticGaussianDistribution()
  (mlp): MLP(
    (0): Linear(in_features=447, out_features=128, bias=True)
    (1): ELU(alpha=1.0)
    (2): Linear(in_features=128, out_features=128, bias=True)
    (3): ELU(alpha=1.0)
    (4): Linear(in_features=128, out_features=24, bias=True)
    (5): Unflatten(dim=-1, unflattened_size=[2, 12])
  )
  (frozen_prior): SemanticRearOwnerRecoveryHistoryMLPModel(
    (obs_normalizer): Identity()
    (distribution): HeteroscedasticGaussianDistribution()
    (mlp): MLP(
      (0): Linear(in_features=439, out_features=256, bias=True)
      (1): ELU(alpha=1.0)
      (2): Linear(in_features=256, out_features=256, bias=True)
      (3): ELU(alpha=1.0)
      (4): Linear(in_features=256, out_features=24, bias=True)
      (5): Unflatten(dim=-1, unflattened_size=[2, 12])
    )
  )
)
Critic Model: MLPModel(
  (obs_normalizer): Identity()
  (mlp): MLP(
    (0): Linear(in_features=447, out_features=128, bias=True)
    (1): ELU(alpha=1.0)
    (2): Linear(in_features=128, out_features=128, bias=True)
    (3): ELU(alpha=1.0)
    (4): Linear(in_features=128, out_features=1, bias=True)
  )
)

[36m===================================================================================================================[0m
[36m[1m[INFO][IsaacLab]: Logging to file: C:\Users\kskzz\AppData\Local\Temp\isaaclab\logs\isaaclab_2026-09-24_21-51-18.log[0m
[36m===================================================================================================================[0m

[33m21:51:18 [simulation_context.py] WARNING: The `enable_external_forces_every_iteration` parameter in the PhysxCfg is set to False. If you are experiencing noisy velocities, consider enabling this flag. You may need to slightly increase the number of velocity iterations (setting it to 1 or 2 rather than 0), together with this flag, to improve the accuracy of velocity updates.[0m
{"video_decisions": 150, "time_s": 10.0, "phase": "P02", "local": {"schema": "wlr50_clean.rr_capture_local_task.v1", "active": false, "activation_tick": null, "activation_time_s": null, "entry_rr_hip_deg": null, "entry_rr_knee_deg": null, "entry_gap_m": null, "hold_elapsed_s": 0.0, "capture_hold_progress": 0.0, "local_success": false, "metrics": {"tick": 1200, "time_s": 10.0, "phase_id": "P02", "live": true, "termination_reason": null, "activation_eligible": false, "geometry_valid": true, "crossed": false, "placed": false, "free_air": false, "ground_contact": true, "within_top_xy": false, "within_lateral_span": true, "gap_m": -0.0506865930270852, "top_xy_outside_distance_m": 0.7313927330272233, "current_top_contact": false, "current_top_bearing": false, "bearing_force_n": 12.94106388092041, "load_fraction": 0.45659934773902383, "load_fraction_valid": true, "consecutive_top_samples": 0, "final_rr_hip_deg": 2.4664260057059773, "final_rr_knee_deg": -7.120055729874498, "actual_rr_hip_knee_deg": [2.6653281512692533, -8.181161340933972], "final_target_source": "drive_target_full12", "final_ack_verified": true, "current_lift_valid": false, "motion_continuation_allowed": true}, "obs8": [0.0, 0.0, 0.0, 0.0, 0.0, 0.0, 0.0, 0.0], "potential": 0.0, "potential_components": {"legal_xy": 0.0, "gap_closure": 0.0, "real_contact": 0.0, "bearing_hold": 0.0}, "full_task_success": false, "physical_state_or_target_writes": 0}}
{"video_decisions": 300, "time_s": 20.0, "phase": "P02", "local": {"schema": "wlr50_clean.rr_capture_local_task.v1", "active": false, "activation_tick": null, "activation_time_s": null, "entry_rr_hip_deg": null, "entry_rr_knee_deg": null, "entry_gap_m": null, "hold_elapsed_s": 0.0, "capture_hold_progress": 0.0, "local_success": false, "metrics": {"tick": 2400, "time_s": 20.0, "phase_id": "P02", "live": true, "termination_reason": null, "activation_eligible": false, "geometry_valid": true, "crossed": false, "placed": false, "free_air": false, "ground_contact": true, "within_top_xy": false, "within_lateral_span": true, "gap_m": -0.05018076351919665, "top_xy_outside_distance_m": 0.6683395274179017, "current_top_contact": false, "current_top_bearing": false, "bearing_force_n": 13.141658782958984, "load_fraction": 0.4546078865252195, "load_fraction_valid": true, "consecutive_top_samples": 0, "final_rr_hip_deg": 2.4107959201946927, "final_rr_knee_deg": -6.998379904093644, "actual_rr_hip_knee_deg": [2.5610475977858487, -8.131260832631504], "final_target_source": "drive_target_full12", "final_ack_verified": true, "current_lift_valid": false, "motion_continuation_allowed": true}, "obs8": [0.0, 0.0, 0.0, 0.0, 0.0, 0.0, 0.0, 0.0], "potential": 0.0, "potential_components": {"legal_xy": 0.0, "gap_closure": 0.0, "real_contact": 0.0, "bearing_hold": 0.0}, "full_task_success": false, "physical_state_or_target_writes": 0}}
{"video_decisions": 450, "time_s": 30.0, "phase": "P05", "local": {"schema": "wlr50_clean.rr_capture_local_task.v1", "active": false, "activation_tick": null, "activation_time_s": null, "entry_rr_hip_deg": null, "entry_rr_knee_deg": null, "entry_gap_m": null, "hold_elapsed_s": 0.0, "capture_hold_progress": 0.0, "local_success": false, "metrics": {"tick": 3600, "time_s": 30.0, "phase_id": "P05", "live": true, "termination_reason": null, "activation_eligible": false, "geometry_valid": true, "crossed": false, "placed": false, "free_air": false, "ground_contact": true, "within_top_xy": false, "within_lateral_span": true, "gap_m": -0.050488232769461176, "top_xy_outside_distance_m": 0.5720335349636113, "current_top_contact": false, "current_top_bearing": false, "bearing_force_n": 2.905339479446411, "load_fraction": 0.10112561178355471, "load_fraction_valid": true, "consecutive_top_samples": 0, "final_rr_hip_deg": 6.624593919178537, "final_rr_knee_deg": -9.810616657024863, "actual_rr_hip_knee_deg": [6.798205822048388, -9.5429789718031], "final_target_source": "drive_target_full12", "final_ack_verified": true, "current_lift_valid": false, "motion_continuation_allowed": true}, "obs8": [0.0, 0.0, 0.0, 0.0, 0.0, 0.0, 0.0, 0.0], "potential": 0.0, "potential_components": {"legal_xy": 0.0, "gap_closure": 0.0, "real_contact": 0.0, "bearing_hold": 0.0}, "full_task_success": false, "physical_state_or_target_writes": 0}}
{"video_decisions": 600, "time_s": 40.0, "phase": "P05", "local": {"schema": "wlr50_clean.rr_capture_local_task.v1", "active": false, "activation_tick": null, "activation_time_s": null, "entry_rr_hip_deg": null, "entry_rr_knee_deg": null, "entry_gap_m": null, "hold_elapsed_s": 0.0, "capture_hold_progress": 0.0, "local_success": false, "metrics": {"tick": 4800, "time_s": 40.0, "phase_id": "P05", "live": true, "termination_reason": null, "activation_eligible": false, "geometry_valid": true, "crossed": false, "placed": false, "free_air": false, "ground_contact": true, "within_top_xy": false, "within_lateral_span": true, "gap_m": -0.04999370968087902, "top_xy_outside_distance_m": 0.44209271596837396, "current_top_contact": false, "current_top_bearing": false, "bearing_force_n": 1.811126708984375, "load_fraction": 0.06303181007056421, "load_fraction_valid": true, "consecutive_top_samples": 0, "final_rr_hip_deg": 6.698417586468636, "final_rr_knee_deg": -9.741086390962725, "actual_rr_hip_knee_deg": [6.780064839612834, -9.466422796491011], "final_target_source": "drive_target_full12", "final_ack_verified": true, "current_lift_valid": false, "motion_continuation_allowed": true}, "obs8": [0.0, 0.0, 0.0, 0.0, 0.0, 0.0, 0.0, 0.0], "potential": 0.0, "potential_components": {"legal_xy": 0.0, "gap_closure": 0.0, "real_contact": 0.0, "bearing_hold": 0.0}, "full_task_success": false, "physical_state_or_target_writes": 0}}
{"video_decisions": 750, "time_s": 50.0, "phase": "P06", "local": {"schema": "wlr50_clean.rr_capture_local_task.v1", "active": false, "activation_tick": null, "activation_time_s": null, "entry_rr_hip_deg": null, "entry_rr_knee_deg": null, "entry_gap_m": null, "hold_elapsed_s": 0.0, "capture_hold_progress": 0.0, "local_success": false, "metrics": {"tick": 6000, "time_s": 50.0, "phase_id": "P06", "live": true, "termination_reason": null, "activation_eligible": false, "geometry_valid": true, "crossed": false, "placed": false, "free_air": false, "ground_contact": true, "within_top_xy": false, "within_lateral_span": true, "gap_m": -0.0502438013574317, "top_xy_outside_distance_m": 0.295949763824228, "current_top_contact": false, "current_top_bearing": false, "bearing_force_n": 1.8556042909622192, "load_fraction": 0.06518205798093567, "load_fraction_valid": true, "consecutive_top_samples": 0, "final_rr_hip_deg": 14.963324545790723, "final_rr_knee_deg": -19.838503993095355, "actual_rr_hip_knee_deg": [15.032296406614478, -19.56689288072753], "final_target_source": "drive_target_full12", "final_ack_verified": true, "current_lift_valid": false, "motion_continuation_allowed": true}, "obs8": [0.0, 0.0, 0.0, 0.0, 0.0, 0.0, 0.0, 0.0], "potential": 0.0, "potential_components": {"legal_xy": 0.0, "gap_closure": 0.0, "real_contact": 0.0, "bearing_hold": 0.0}, "full_task_success": false, "physical_state_or_target_writes": 0}}
{"video_decisions": 900, "time_s": 60.0, "phase": "P09", "local": {"schema": "wlr50_clean.rr_capture_local_task.v1", "active": false, "activation_tick": null, "activation_time_s": null, "entry_rr_hip_deg": null, "entry_rr_knee_deg": null, "entry_gap_m": null, "hold_elapsed_s": 0.0, "capture_hold_progress": 0.0, "local_success": false, "metrics": {"tick": 7200, "time_s": 60.0, "phase_id": "P09", "live": true, "termination_reason": null, "activation_eligible": false, "geometry_valid": true, "crossed": false, "placed": false, "free_air": true, "ground_contact": false, "within_top_xy": false, "within_lateral_span": true, "gap_m": 0.06545198782696955, "top_xy_outside_distance_m": 0.07890119331050272, "current_top_contact": false, "current_top_bearing": false, "bearing_force_n": 0.0, "load_fraction": 0.0, "load_fraction_valid": true, "consecutive_top_samples": 0, "final_rr_hip_deg": 13.183207022843424, "final_rr_knee_deg": -58.0, "actual_rr_hip_knee_deg": [20.996745438949773, -57.83880946085638], "final_target_source": "drive_target_full12", "final_ack_verified": true, "current_lift_valid": true, "motion_continuation_allowed": true}, "obs8": [0.0, 0.0, 0.0, 0.0, 0.0, 0.0, 0.0, 0.0], "potential": 0.0, "potential_components": {"legal_xy": 0.0, "gap_closure": 0.0, "real_contact": 0.0, "bearing_hold": 0.0}, "full_task_success": false, "physical_state_or_target_writes": 0}}
{"video_decisions": 1050, "time_s": 70.0, "phase": "P09", "local": {"schema": "wlr50_clean.rr_capture_local_task.v1", "active": true, "activation_tick": 7979, "activation_time_s": 66.49166666666666, "entry_rr_hip_deg": 7.485143838259594, "entry_rr_knee_deg": -58.0, "entry_gap_m": 0.05903472328704941, "hold_elapsed_s": 0.0, "capture_hold_progress": 0.0, "local_success": false, "metrics": {"tick": 8400, "time_s": 70.0, "phase_id": "P09", "live": true, "termination_reason": null, "activation_eligible": true, "geometry_valid": true, "crossed": true, "placed": false, "free_air": true, "ground_contact": false, "within_top_xy": true, "within_lateral_span": true, "gap_m": 0.0063071759610098185, "top_xy_outside_distance_m": 0.0, "current_top_contact": false, "current_top_bearing": false, "bearing_force_n": 0.0, "load_fraction": 0.0, "load_fraction_valid": true, "consecutive_top_samples": 0, "final_rr_hip_deg": -17.5148561617404, "final_rr_knee_deg": -38.0, "actual_rr_hip_knee_deg": [-17.715738833212413, -37.74547209256773], "final_target_source": "drive_target_full12", "final_ack_verified": true, "current_lift_valid": true, "motion_continuation_allowed": true}, "obs8": [1.0, 0.0175416666666667, 0.041584132434775524, -0.32222222222222224, 0.5903472328704941, 0.0, 0.0, 0.0], "potential": 0.5194155874184907, "potential_components": {"legal_xy": 0.2, "gap_closure": 0.31941558741849063, "real_contact": 0.0, "bearing_hold": 0.0}, "full_task_success": false, "physical_state_or_target_writes": 0}}
{"video_decisions": 1200, "time_s": 80.0, "phase": "P09", "local": {"schema": "wlr50_clean.rr_capture_local_task.v1", "active": true, "activation_tick": 7979, "activation_time_s": 66.49166666666666, "entry_rr_hip_deg": 7.485143838259594, "entry_rr_knee_deg": -58.0, "entry_gap_m": 0.05903472328704941, "hold_elapsed_s": 0.0, "capture_hold_progress": 0.0, "local_success": false, "metrics": {"tick": 9600, "time_s": 80.0, "phase_id": "P09", "live": true, "termination_reason": null, "activation_eligible": true, "geometry_valid": true, "crossed": true, "placed": false, "free_air": true, "ground_contact": false, "within_top_xy": true, "within_lateral_span": true, "gap_m": 0.006871415251966204, "top_xy_outside_distance_m": 0.0, "current_top_contact": false, "current_top_bearing": false, "bearing_force_n": 0.0, "load_fraction": 0.0, "load_fraction_valid": true, "consecutive_top_samples": 0, "final_rr_hip_deg": -17.5148561617404, "final_rr_knee_deg": -38.0, "actual_rr_hip_knee_deg": [-17.715465625645614, -37.74583409259374], "final_target_source": "drive_target_full12", "final_ack_verified": true, "current_lift_valid": true, "motion_continuation_allowed": true}, "obs8": [1.0, 0.0675416666666667, 0.041584132434775524, -0.32222222222222224, 0.5903472328704941, 0.0, 0.0, 0.0], "potential": 0.5137607765749619, "potential_components": {"legal_xy": 0.2, "gap_closure": 0.3137607765749619, "real_contact": 0.0, "bearing_hold": 0.0}, "full_task_success": false, "physical_state_or_target_writes": 0}}
{"video_decisions": 1350, "time_s": 90.0, "phase": "P09", "local": {"schema": "wlr50_clean.rr_capture_local_task.v1", "active": true, "activation_tick": 7979, "activation_time_s": 66.49166666666666, "entry_rr_hip_deg": 7.485143838259594, "entry_rr_knee_deg": -58.0, "entry_gap_m": 0.05903472328704941, "hold_elapsed_s": 0.0, "capture_hold_progress": 0.0, "local_success": false, "metrics": {"tick": 10800, "time_s": 90.0, "phase_id": "P09", "live": true, "termination_reason": null, "activation_eligible": true, "geometry_valid": true, "crossed": true, "placed": false, "free_air": true, "ground_contact": false, "within_top_xy": true, "within_lateral_span": true, "gap_m": 0.007110337888729973, "top_xy_outside_distance_m": 0.0, "current_top_contact": false, "current_top_bearing": false, "bearing_force_n": 0.0, "load_fraction": 0.0, "load_fraction_valid": true, "consecutive_top_samples": 0, "final_rr_hip_deg": -17.5148561617404, "final_rr_knee_deg": -38.0, "actual_rr_hip_knee_deg": [-17.721395937392476, -37.74749382856205], "final_target_source": "drive_target_full12", "final_ack_verified": true, "current_lift_valid": true, "motion_continuation_allowed": true}, "obs8": [1.0, 0.1175416666666667, 0.041584132434775524, -0.32222222222222224, 0.5903472328704941, 0.0, 0.0, 0.0], "potential": 0.5114261841358506, "potential_components": {"legal_xy": 0.2, "gap_closure": 0.3114261841358506, "real_contact": 0.0, "bearing_hold": 0.0}, "full_task_success": false, "physical_state_or_target_writes": 0}}
{"run": "C:\\robotics_sim\\wlr_robot\\fsm_base_on_recording_ppo_phase_v1\\runs\\ppo_rr_capture_first_cp225280_v1\\diagnostic_hipminus25_kneeplus20_ecf205e", "lifecycle": "COMPLETE"}
[15.242s] Simulation App Startup Complete
[17.176s] [ext: omni.physx.fabric-107.3.26] startup
2026-09-25T01:51:20Z [19,283ms] [Warning] [omni.fabric.plugin] getAttributeCount called on non-existent path /World/WLRRobot/rear_right_wheel/visuals/rear_right_wheel/node_STL_BINARY_
2026-09-25T01:51:20Z [19,283ms] [Warning] [omni.fabric.plugin] getTypes called on non-existent path /World/WLRRobot/rear_right_wheel/visuals/rear_right_wheel/node_STL_BINARY_
2026-09-25T01:51:48Z [47,613ms] [Warning] [omni.videoencoding.plugin] startEncoding
2026-09-25T01:51:50Z [49,433ms] [Warning] [omni.hydratexture.python] IHydraTexture.get_drawable_ldr_resource is deprecated.
  Use IHydraTexture.get_drawable_resource() for the active color buffer.
2026-09-25T01:51:50Z [49,503ms] [Warning] [omni.videoencoding.plugin] New encode session or frame size changed (was: 0 x 0, now: 1280 x 720)
2026-09-25T01:51:50Z [49,513ms] [Warning] [omni.videoencoding.plugin] initializing encoder.
2026-09-25T01:54:06Z [185,747ms] [Warning] [carb] Client gpu.foundation.plugin has acquired [gpu::unstable::IMemoryBudgetManagerFactory v0.1] 100 times. Consider accessing this interface with carb::getCachedInterface() (Performance warning)
2026-09-25T02:27:01Z [2,160,139ms] [Warning] [omni.videoencoding.plugin] finalizeEncoding
2026-09-25T02:27:01Z [2,160,139ms] [Warning] [omni.videoencoding.plugin] encoding finished: wrote 1403 frames to "C:\robotics_sim\wlr_robot\fsm_base_on_recording_ppo_phase_v1\runs\ppo_rr_capture_first_cp225280_v1\diagnostic_hipminus25_kneeplus20_ecf205e\source\actual_viewport_video.mp4"
