{
  "schema": "wlr50_clean.formal_rr_capture_export_plan.v2",
  "source": "C:\\robotics_sim\\wlr_robot\\fsm_base_on_recording_ppo_phase_v1\\runs\\ppo_rr_capture_first_cp225280_v1\\eval_CP227840_DET_tracking_1e10d39\\source",
  "destination": "C:\\robotics_sim\\wlr_robot\\fsm_base_on_recording_ppo_phase_v1\\outputs\\ppo_rr_capture_first_cp225280_v1\\video_review\\CP227840_DET_tracking_fixed_review",
  "checkpoint": "C:\\robotics_sim\\wlr_robot\\fsm_base_on_recording_ppo_phase_v1\\outputs\\ppo_rr_capture_first_cp225280_v1\\checkpoints\\history\\checkpoint_CP227840_local002560_lineage448_v2_g1e10d39c9a80.pt",
  "checkpoint_sha256": "81aa94a31039730c7ad87a45b53de22a12361047d324d4d5700b835d7cddbdb5",
  "checkpoint_manifest": "C:\\robotics_sim\\wlr_robot\\fsm_base_on_recording_ppo_phase_v1\\outputs\\ppo_rr_capture_first_cp225280_v1\\checkpoints\\history\\checkpoint_CP227840_local002560_lineage448_v2_g1e10d39c9a80_manifest.json",
  "checkpoint_manifest_sha256": "a34999a1a2cdc963b8e7f4d1914c5564ed4a1920987293a6599fcc3313d95956",
  "version_family": {
    "source_schema": "wlr50_clean.frozen_prior_rr_capture_video.v2",
    "checkpoint_schema": "wlr50_clean.frozen_prior_rr_capture_checkpoint.v2",
    "request_schema": "wlr50_clean.actual_rr_capture_local_request.v2",
    "task_schema": "wlr50_clean.rr_capture_local_task.v2",
    "actor_policy": "frozen_cp225280_rr_capture_local_history_v2",
    "profile_policy": "frozen_cp225280_raw_head_plus_local448_lineage_v2",
    "profile_schema": "wlr50_clean.rr_capture_local_contract.v2",
    "observation_dimension": 448,
    "observation_layout": "role439_rr_capture_local_v2",
    "capture_features": 9,
    "version": "v2",
    "source_tracking": {
      "source_tracking_owner_revision": "pending_source_tracking_inheritance_v1",
      "hud_label": "pending-source inherited",
      "description": "Pending P09 late inherits tracking responsibility from the previous consumed source sample, not the deferred late group. A wheel-only stop creates no new servo tracking. This is a source-control correction, not learned descent.",
      "training_count_scope": "Exact checkpoint counters retained; no tracking-revision-local counts inferred."
    }
  },
  "source_tracking_owner_revision": "pending_source_tracking_inheritance_v1",
  "source_tracking": {
    "source_tracking_owner_revision": "pending_source_tracking_inheritance_v1",
    "hud_label": "pending-source inherited",
    "description": "Pending P09 late inherits tracking responsibility from the previous consumed source sample, not the deferred late group. A wheel-only stop creates no new servo tracking. This is a source-control correction, not learned descent.",
    "training_count_scope": "Exact checkpoint counters retained; no tracking-revision-local counts inferred."
  },
  "runtime_head": "1e10d39c9a80c017cb7e4a0035d00c40a5b4dd81",
  "counts": {
    "auxiliary_updates": 0,
    "capture_opportunities": 7,
    "completed_local_episodes": 5,
    "local_optimizer_steps": 100,
    "local_policy_decisions": 2560,
    "local_ppo_updates": 5,
    "local_successes": 1,
    "prefix_decisions": 6981,
    "task_v2_policy_decisions": 512,
    "task_v2_ppo_updates": 1
  },
  "display_id": "CP227840_local002560",
  "numeric_step_collision_note": "isolated local-RR branch identity; not the historical soft-KL checkpoint that may share numeric CP227840",
  "diagnostic": false,
  "formal_deterministic_result_claimed_before_export": false,
  "command": [
    "C:\\Users\\kskzz\\miniconda3\\python.exe",
    "C:\\robotics_sim\\wlr_robot\\fsm_base_on_recording_ppo_phase_v1\\outputs\\ppo_rr_capture_first_cp225280_v1\\export_rr_capture_first_video.py",
    "--source",
    "C:\\robotics_sim\\wlr_robot\\fsm_base_on_recording_ppo_phase_v1\\runs\\ppo_rr_capture_first_cp225280_v1\\eval_CP227840_DET_tracking_1e10d39\\source",
    "--destination",
    "C:\\robotics_sim\\wlr_robot\\fsm_base_on_recording_ppo_phase_v1\\outputs\\ppo_rr_capture_first_cp225280_v1\\video_review\\CP227840_DET_tracking_fixed_review",
    "--source-manifest-sha256",
    "3e68398a90fd89d04d4caaf444c718194e240161dd364ce24af3308cd7c0e9e5",
    "--source-run-manifest-sha256",
    "4936f1144c2ba00b969051bbff0f5b4766c5b4707e31ca0dd73c9db153c5d8cc",
    "--expected-head",
    "1e10d39c9a80c017cb7e4a0035d00c40a5b4dd81",
    "--checkpoint",
    "C:\\robotics_sim\\wlr_robot\\fsm_base_on_recording_ppo_phase_v1\\outputs\\ppo_rr_capture_first_cp225280_v1\\checkpoints\\history\\checkpoint_CP227840_local002560_lineage448_v2_g1e10d39c9a80.pt",
    "--checkpoint-sha256",
    "81aa94a31039730c7ad87a45b53de22a12361047d324d4d5700b835d7cddbdb5",
    "--checkpoint-manifest-sha256",
    "a34999a1a2cdc963b8e7f4d1914c5564ed4a1920987293a6599fcc3313d95956",
    "--expected-local-policy-decisions",
    "2560",
    "--expected-local-ppo-updates",
    "5",
    "--expected-local-optimizer-steps",
    "100"
  ]
}
FULL_PLAYABLE_VALIDATED C:\robotics_sim\wlr_robot\fsm_base_on_recording_ppo_phase_v1\outputs\ppo_rr_capture_first_cp225280_v1\video_review\CP227840_DET_tracking_fixed_review\CP227840_DET_P01_to_RR_placement_INCOMPLETE.mp4
{
  "result": {
    "result": "INCOMPLETE",
    "success": false,
    "full_task_success": false,
    "termination_reason": "INCOMPLETE_CONTROLLER_BLOCKED",
    "termination_source": "LOCAL_BOUNDED_RECOVERY_EXHAUSTED",
    "source_acceptance_error": null
  },
  "full": "C:\\robotics_sim\\wlr_robot\\fsm_base_on_recording_ppo_phase_v1\\outputs\\ppo_rr_capture_first_cp225280_v1\\video_review\\CP227840_DET_tracking_fixed_review\\CP227840_DET_P01_to_RR_placement_INCOMPLETE.mp4",
  "detail": "C:\\robotics_sim\\wlr_robot\\fsm_base_on_recording_ppo_phase_v1\\outputs\\ppo_rr_capture_first_cp225280_v1\\video_review\\CP227840_DET_tracking_fixed_review\\CP227840_DET_RR_capture_detail_INCOMPLETE.mp4",
  "comparison": "C:\\robotics_sim\\wlr_robot\\fsm_base_on_recording_ppo_phase_v1\\outputs\\ppo_rr_capture_first_cp225280_v1\\video_review\\CP227840_DET_tracking_fixed_review\\CP225280_vs_CP227840_DET_same_camera.mp4",
  "receipt": "C:\\robotics_sim\\wlr_robot\\fsm_base_on_recording_ppo_phase_v1\\outputs\\ppo_rr_capture_first_cp225280_v1\\video_review\\CP227840_DET_tracking_fixed_review\\export_receipt.json"
}
