{
  "schema": "wlr50_clean.formal_rr_capture_export_plan.v2",
  "source": "C:\\robotics_sim\\wlr_robot\\fsm_base_on_recording_ppo_phase_v1\\runs\\ppo_rr_capture_first_cp225280_v1\\eval_CP228864_aux64_DET_0ff03ea\\source",
  "destination": "C:\\robotics_sim\\wlr_robot\\fsm_base_on_recording_ppo_phase_v1\\outputs\\ppo_rr_capture_first_cp225280_v1\\video_review\\CP228864_aux64_DET_0ff03ea_review",
  "checkpoint": "C:\\robotics_sim\\wlr_robot\\fsm_base_on_recording_ppo_phase_v1\\outputs\\ppo_rr_capture_first_cp225280_v1\\checkpoints\\history\\checkpoint_CP228864_local003584_aux000064_lineage448_v2_g0ff03eafeeb7.pt",
  "checkpoint_sha256": "2996c9886b68ce716828fe7be84c7dcd28089ddb49f233699fa86bd3b18b8ee5",
  "checkpoint_manifest": "C:\\robotics_sim\\wlr_robot\\fsm_base_on_recording_ppo_phase_v1\\outputs\\ppo_rr_capture_first_cp225280_v1\\checkpoints\\history\\checkpoint_CP228864_local003584_aux000064_lineage448_v2_g0ff03eafeeb7_manifest.json",
  "checkpoint_manifest_sha256": "cd9c71db1ccf1e295d84697dee619b2e9670c90aa1daa176459d7dcf27c446c0",
  "version_family": {
    "source_schema": "wlr50_clean.frozen_prior_rr_capture_video.v2",
    "checkpoint_schema": "wlr50_clean.frozen_prior_rr_capture_checkpoint.v2",
    "request_schema": "wlr50_clean.actual_rr_capture_local_request.v2",
    "task_schema": "wlr50_clean.rr_capture_local_task.v2",
    "actor_policy": "frozen_cp225280_rr_capture_local_history_v2",
    "profile_policy": "frozen_cp225280_raw_head_plus_local448_lineage_v2",
    "profile_schema": "wlr50_clean.rr_capture_local_contract.v2",
    "observation_dimension": 448,
    "observation_layout": "role439_rr_capture_local_v2",
    "capture_features": 9,
    "version": "v2",
    "source_tracking": {
      "source_tracking_owner_revision": "pending_source_tracking_inheritance_v1",
      "hud_label": "pending-source inherited",
      "description": "Pending P09 late inherits tracking responsibility from the previous consumed source sample, not the deferred late group. A wheel-only stop creates no new servo tracking. This is a source-control correction, not learned descent.",
      "training_count_scope": "Exact checkpoint counters retained; no tracking-revision-local counts inferred."
    },
    "auxiliary_training": {
      "local_auxiliary_events": [
        {
          "PPO_credit": 0,
          "accepted_steps": 64,
          "actor_rows_committed": true,
          "actual_optimizer_steps": 64,
          "auxiliary_optimizer": "independent_SGD_not_original_PPO_Adam",
          "event_id": "512b6d74693611d1e19a402aecb49a45186e3117f8b549a09e5855c1253add50",
          "package_sha256": "984b4d2e9c7781b1939bba45a3af689d32b0484fbda3048b9dd899452b169fed",
          "published_evidence": {
            "fit_receipt.json": {
              "path": "C:\\robotics_sim\\wlr_robot\\fsm_base_on_recording_ppo_phase_v1\\runs\\ppo_rr_capture_first_cp225280_v1\\aux64_rr_mean_CP228352_0ff03ea\\fit_receipt.json",
              "sha256": "f4710589e378ad875a722c2aa74377124cee532ab8484ee344e8938b36b0c184"
            },
            "independent_aux_optimizer.pt": {
              "path": "C:\\robotics_sim\\wlr_robot\\fsm_base_on_recording_ppo_phase_v1\\runs\\ppo_rr_capture_first_cp225280_v1\\aux64_rr_mean_CP228352_0ff03ea\\independent_aux_optimizer.pt",
              "sha256": "d79498d8fcda4175865746bd6623eaa669ee74824f83de8d857d0aaf77716bae"
            },
            "recipe.json": {
              "path": "C:\\robotics_sim\\wlr_robot\\fsm_base_on_recording_ppo_phase_v1\\runs\\ppo_rr_capture_first_cp225280_v1\\aux64_rr_mean_CP228352_0ff03ea\\recipe.json",
              "sha256": "6e52145cb919710df0b6b8b86bf5b1770fe9a0975ca57d0f4024877b143f2f43"
            },
            "source_package.json": {
              "path": "C:\\robotics_sim\\wlr_robot\\fsm_base_on_recording_ppo_phase_v1\\runs\\ppo_rr_capture_first_cp225280_v1\\aux64_rr_mean_CP228352_0ff03ea\\source_package.json",
              "sha256": "f1bbe3df24931d90c287ba6023e7c3942218fc15b3bf54906f9a424e1dd8483c"
            }
          },
          "purpose": "finite_RR_conditional_mean_terminal_capture_only_not_full_task",
          "receipt_sha256": "c339feaa9e147e384b502d887e7a0deacd354ba5dad82fcc8499e12463c36fce",
          "recipe_sha256": "36c3624e02524ab817d0b824b977ea42194f5562a8227b38c46a0acac84d3904",
          "schema": "wlr50_clean.finite_rr_mean_row_aux_event.v1",
          "source_checkpoint": {
            "path": "C:\\robotics_sim\\wlr_robot\\fsm_base_on_recording_ppo_phase_v1\\outputs\\ppo_rr_capture_first_cp225280_v1\\checkpoints\\history\\checkpoint_CP228352_local003072_lineage448_v2_g1e10d39c9a80.pt",
            "sha256": "46cc0c4939c5f6eb61ab3a629eac37a3fd8db31f44b9463890cf11f85c6714e4"
          },
          "source_data_sha256": "c011da96022d82e8dfc8c0363189014305c7b9178891e70f0222e5f702db3b1a",
          "source_manifest": {
            "path": "C:\\robotics_sim\\wlr_robot\\fsm_base_on_recording_ppo_phase_v1\\outputs\\ppo_rr_capture_first_cp225280_v1\\checkpoints\\history\\checkpoint_CP228352_local003072_lineage448_v2_g1e10d39c9a80_manifest.json",
            "sha256": "96f024bbdb87b9ec36fab6a39710df84aa55b4caafaff82e2937fb19ab4a9ee3"
          },
          "source_runtime_content_sha256": "44c1dc9ecd043d812d7bb22ac885270744ceb30d73c843b857eeacc7bfa3bbcb",
          "source_runtime_head": "1e10d39c9a80c017cb7e4a0035d00c40a5b4dd81",
          "status": "COMPLETE"
        }
      ],
      "actual_training_optimizer_steps": 64,
      "AUX_updates_during_evaluation": 0,
      "label": "finite RR AUX training lineage / rear helpers OFF",
      "realtime_AUX_assist": false,
      "pure_PPO_training_claimed": false
    }
  },
  "source_tracking_owner_revision": "pending_source_tracking_inheritance_v1",
  "source_tracking": {
    "source_tracking_owner_revision": "pending_source_tracking_inheritance_v1",
    "hud_label": "pending-source inherited",
    "description": "Pending P09 late inherits tracking responsibility from the previous consumed source sample, not the deferred late group. A wheel-only stop creates no new servo tracking. This is a source-control correction, not learned descent.",
    "training_count_scope": "Exact checkpoint counters retained; no tracking-revision-local counts inferred."
  },
  "auxiliary_training": {
    "local_auxiliary_events": [
      {
        "PPO_credit": 0,
        "accepted_steps": 64,
        "actor_rows_committed": true,
        "actual_optimizer_steps": 64,
        "auxiliary_optimizer": "independent_SGD_not_original_PPO_Adam",
        "event_id": "512b6d74693611d1e19a402aecb49a45186e3117f8b549a09e5855c1253add50",
        "package_sha256": "984b4d2e9c7781b1939bba45a3af689d32b0484fbda3048b9dd899452b169fed",
        "published_evidence": {
          "fit_receipt.json": {
            "path": "C:\\robotics_sim\\wlr_robot\\fsm_base_on_recording_ppo_phase_v1\\runs\\ppo_rr_capture_first_cp225280_v1\\aux64_rr_mean_CP228352_0ff03ea\\fit_receipt.json",
            "sha256": "f4710589e378ad875a722c2aa74377124cee532ab8484ee344e8938b36b0c184"
          },
          "independent_aux_optimizer.pt": {
            "path": "C:\\robotics_sim\\wlr_robot\\fsm_base_on_recording_ppo_phase_v1\\runs\\ppo_rr_capture_first_cp225280_v1\\aux64_rr_mean_CP228352_0ff03ea\\independent_aux_optimizer.pt",
            "sha256": "d79498d8fcda4175865746bd6623eaa669ee74824f83de8d857d0aaf77716bae"
          },
          "recipe.json": {
            "path": "C:\\robotics_sim\\wlr_robot\\fsm_base_on_recording_ppo_phase_v1\\runs\\ppo_rr_capture_first_cp225280_v1\\aux64_rr_mean_CP228352_0ff03ea\\recipe.json",
            "sha256": "6e52145cb919710df0b6b8b86bf5b1770fe9a0975ca57d0f4024877b143f2f43"
          },
          "source_package.json": {
            "path": "C:\\robotics_sim\\wlr_robot\\fsm_base_on_recording_ppo_phase_v1\\runs\\ppo_rr_capture_first_cp225280_v1\\aux64_rr_mean_CP228352_0ff03ea\\source_package.json",
            "sha256": "f1bbe3df24931d90c287ba6023e7c3942218fc15b3bf54906f9a424e1dd8483c"
          }
        },
        "purpose": "finite_RR_conditional_mean_terminal_capture_only_not_full_task",
        "receipt_sha256": "c339feaa9e147e384b502d887e7a0deacd354ba5dad82fcc8499e12463c36fce",
        "recipe_sha256": "36c3624e02524ab817d0b824b977ea42194f5562a8227b38c46a0acac84d3904",
        "schema": "wlr50_clean.finite_rr_mean_row_aux_event.v1",
        "source_checkpoint": {
          "path": "C:\\robotics_sim\\wlr_robot\\fsm_base_on_recording_ppo_phase_v1\\outputs\\ppo_rr_capture_first_cp225280_v1\\checkpoints\\history\\checkpoint_CP228352_local003072_lineage448_v2_g1e10d39c9a80.pt",
          "sha256": "46cc0c4939c5f6eb61ab3a629eac37a3fd8db31f44b9463890cf11f85c6714e4"
        },
        "source_data_sha256": "c011da96022d82e8dfc8c0363189014305c7b9178891e70f0222e5f702db3b1a",
        "source_manifest": {
          "path": "C:\\robotics_sim\\wlr_robot\\fsm_base_on_recording_ppo_phase_v1\\outputs\\ppo_rr_capture_first_cp225280_v1\\checkpoints\\history\\checkpoint_CP228352_local003072_lineage448_v2_g1e10d39c9a80_manifest.json",
          "sha256": "96f024bbdb87b9ec36fab6a39710df84aa55b4caafaff82e2937fb19ab4a9ee3"
        },
        "source_runtime_content_sha256": "44c1dc9ecd043d812d7bb22ac885270744ceb30d73c843b857eeacc7bfa3bbcb",
        "source_runtime_head": "1e10d39c9a80c017cb7e4a0035d00c40a5b4dd81",
        "status": "COMPLETE"
      }
    ],
    "actual_training_optimizer_steps": 64,
    "AUX_updates_during_evaluation": 0,
    "label": "finite RR AUX training lineage / rear helpers OFF",
    "realtime_AUX_assist": false,
    "pure_PPO_training_claimed": false
  },
  "runtime_head": "0ff03eafeeb75ba8505a99478cea2a6243cf93f5",
  "counts": {
    "auxiliary_updates": 64,
    "capture_opportunities": 12,
    "completed_local_episodes": 8,
    "local_optimizer_steps": 140,
    "local_policy_decisions": 3584,
    "local_ppo_updates": 7,
    "local_successes": 3,
    "prefix_decisions": 11968,
    "task_v2_policy_decisions": 1536,
    "task_v2_ppo_updates": 3
  },
  "display_id": "CP228864_local003584",
  "numeric_step_collision_note": "isolated local-RR branch identity; not the historical soft-KL checkpoint that may share numeric CP228864",
  "diagnostic": false,
  "formal_deterministic_result_claimed_before_export": false,
  "command": [
    "C:\\Users\\kskzz\\miniconda3\\python.exe",
    "C:\\robotics_sim\\wlr_robot\\fsm_base_on_recording_ppo_phase_v1\\outputs\\ppo_rr_capture_first_cp225280_v1\\export_rr_capture_first_video.py",
    "--source",
    "C:\\robotics_sim\\wlr_robot\\fsm_base_on_recording_ppo_phase_v1\\runs\\ppo_rr_capture_first_cp225280_v1\\eval_CP228864_aux64_DET_0ff03ea\\source",
    "--destination",
    "C:\\robotics_sim\\wlr_robot\\fsm_base_on_recording_ppo_phase_v1\\outputs\\ppo_rr_capture_first_cp225280_v1\\video_review\\CP228864_aux64_DET_0ff03ea_review",
    "--source-manifest-sha256",
    "1320b3d6397639bad03415bddb096789f6d5b705074d7025ac18a272f4b7ba8f",
    "--source-run-manifest-sha256",
    "085dac1706e05dd63a261db72f5320445e3219e8920b0fa849c2e953b316f077",
    "--expected-head",
    "0ff03eafeeb75ba8505a99478cea2a6243cf93f5",
    "--checkpoint",
    "C:\\robotics_sim\\wlr_robot\\fsm_base_on_recording_ppo_phase_v1\\outputs\\ppo_rr_capture_first_cp225280_v1\\checkpoints\\history\\checkpoint_CP228864_local003584_aux000064_lineage448_v2_g0ff03eafeeb7.pt",
    "--checkpoint-sha256",
    "2996c9886b68ce716828fe7be84c7dcd28089ddb49f233699fa86bd3b18b8ee5",
    "--checkpoint-manifest-sha256",
    "cd9c71db1ccf1e295d84697dee619b2e9670c90aa1daa176459d7dcf27c446c0",
    "--expected-local-policy-decisions",
    "3584",
    "--expected-local-ppo-updates",
    "7",
    "--expected-local-optimizer-steps",
    "140"
  ]
}
FULL_PLAYABLE_VALIDATED C:\robotics_sim\wlr_robot\fsm_base_on_recording_ppo_phase_v1\outputs\ppo_rr_capture_first_cp225280_v1\video_review\CP228864_aux64_DET_0ff03ea_review\CP228864_DET_P01_to_RR_placement_INCOMPLETE.mp4
{
  "result": {
    "result": "INCOMPLETE",
    "success": false,
    "full_task_success": false,
    "termination_reason": "INCOMPLETE_CONTROLLER_BLOCKED",
    "termination_source": "LOCAL_BOUNDED_RECOVERY_EXHAUSTED",
    "source_acceptance_error": null
  },
  "full": "C:\\robotics_sim\\wlr_robot\\fsm_base_on_recording_ppo_phase_v1\\outputs\\ppo_rr_capture_first_cp225280_v1\\video_review\\CP228864_aux64_DET_0ff03ea_review\\CP228864_DET_P01_to_RR_placement_INCOMPLETE.mp4",
  "detail": "C:\\robotics_sim\\wlr_robot\\fsm_base_on_recording_ppo_phase_v1\\outputs\\ppo_rr_capture_first_cp225280_v1\\video_review\\CP228864_aux64_DET_0ff03ea_review\\CP228864_DET_RR_capture_detail_INCOMPLETE.mp4",
  "comparison": "C:\\robotics_sim\\wlr_robot\\fsm_base_on_recording_ppo_phase_v1\\outputs\\ppo_rr_capture_first_cp225280_v1\\video_review\\CP228864_aux64_DET_0ff03ea_review\\CP225280_vs_CP228864_DET_same_camera.mp4",
  "receipt": "C:\\robotics_sim\\wlr_robot\\fsm_base_on_recording_ppo_phase_v1\\outputs\\ppo_rr_capture_first_cp225280_v1\\video_review\\CP228864_aux64_DET_0ff03ea_review\\export_receipt.json"
}
