[INFO][AppLauncher]: Using device: cuda:0
[INFO][AppLauncher]: Loading experience file: C:\robotics_sim\IsaacLab\apps\isaaclab.python.headless.kit
Loading user config located at: 'c:/users/kskzz/miniconda3/envs/env_isaaclab/lib/site-packages/isaacsim/kit/data/Kit/Isaac-Sim/5.1/user.config.json'
[Info] [carb] Logging to file: c:/users/kskzz/miniconda3/envs/env_isaaclab/lib/site-packages/isaacsim/kit/logs/Kit/Isaac-Sim/5.1/kit_20260925_003452.log
2026-09-25T04:34:52Z [302ms] [Warning] [omni.usd_config.extension] Enable omni.materialx.libs extension to use MaterialX
2026-09-25T04:34:53Z [993ms] [Warning] [carb] Acquiring non optional plugin interface which is not listed as dependency: [omni::physx::IPhysxBenchmarks v1.0] (plugin: <default plugin>), by client: omni.physics.physx.plugin. Add it to CARB_PLUGIN_IMPL_DEPS() macro of a client.
2026-09-25T04:34:53Z [1,010ms] [Warning] [omni.isaac.dynamic_control] omni.isaac.dynamic_control is deprecated as of Isaac Sim 4.5. No action is needed from end-users.
2026-09-25T04:34:55Z [3,629ms] [Warning] [gpu.foundation.plugin] Skipping unsupported non-NVIDIA GPU: Intel(R) UHD Graphics
2026-09-25T04:34:55Z [3,630ms] [Warning] [gpu.foundation.plugin] Skipping unsupported non-NVIDIA GPU: Intel(R) UHD Graphics
2026-09-25T04:34:55Z [3,630ms] [Warning] [gpu.foundation.plugin] Skipping unsupported non-NVIDIA GPU: Intel(R) UHD Graphics
2026-09-25T04:34:55Z [3,630ms] [Warning] [gpu.foundation.plugin] Skipping unsupported non-NVIDIA GPU: Intel(R) UHD Graphics
2026-09-25T04:34:55Z [3,630ms] [Warning] [gpu.foundation.plugin] Skipping unsupported non-NVIDIA GPU: Intel(R) UHD Graphics
2026-09-25T04:34:55Z [3,630ms] [Warning] [gpu.foundation.plugin] Skipping unsupported non-NVIDIA GPU: Intel(R) UHD Graphics

|---------------------------------------------------------------------------------------------|
| Driver Version: 581.29        | Graphics API: D3D12
|=============================================================================================|
| GPU | Name                             | Active | LDA | GPU Memory | Vendor-ID | LUID       |
|     |                                  |        |     |            | Device-ID | UUID       |
|     |                                  |        |     |            | Bus-ID    |            |
|---------------------------------------------------------------------------------------------|
| 0   | NVIDIA GeForce RTX 4080 Laptop.. | Yes: 0 |     | 11997   MB | 10de      | e7a00100.. |
|     |                                  |        |     |            | 27e0      | 0          |
|     |                                  |        |     |            | 1         |            |
|---------------------------------------------------------------------------------------------|
| 1   | Intel(R) UHD Graphics            |        |     | 128     MB | 8086      | d09c0100.. |
|     |                                  |        |     |            | a788      | 0          |
|     |                                  |        |     |            | N/A       |            |
|---------------------------------------------------------------------------------------------|
| 2   | Intel(R) UHD Graphics            |        |     | 128     MB | 8086      | 4a430200.. |
|     |                                  |        |     |            | a788      | 0          |
|     |                                  |        |     |            | N/A       |            |
|---------------------------------------------------------------------------------------------|
| 3   | Intel(R) UHD Graphics            |        |     | 128     MB | 8086      | cd3e0200.. |
|     |                                  |        |     |            | a788      | 0          |
|     |                                  |        |     |            | N/A       |            |
|=============================================================================================|
| OS: Windows 11 Home, Version: 10.0 (25H2), Build: 26200, Kernel: 10.0.26100.9457
| Processor: 13th Gen Intel(R) Core(TM) i9-13900HX
| Cores: 24 | Logical Cores: 32
|---------------------------------------------------------------------------------------------|
| Total Memory (MB): 32456 | Free Memory: 9916
| Total Page/Swap (MB): 71473 | Free Page/Swap: 35778
|---------------------------------------------------------------------------------------------|
2026-09-25T04:34:56Z [4,049ms] [Warning] [gpu.foundation.plugin] PCIe link width current (8) and maximum (16) for device 0 don't match.
--------------------------------------------------------------------------------
Resolved observation sets: 
	 actor :  ['policy']
	 critic :  ['critic']
--------------------------------------------------------------------------------
Actor Model: SemanticRRCaptureLocalHistoryMLPModel(
  (obs_normalizer): Identity()
  (distribution): HeteroscedasticGaussianDistribution()
  (mlp): MLP(
    (0): Linear(in_features=448, out_features=128, bias=True)
    (1): ELU(alpha=1.0)
    (2): Linear(in_features=128, out_features=128, bias=True)
    (3): ELU(alpha=1.0)
    (4): Linear(in_features=128, out_features=24, bias=True)
    (5): Unflatten(dim=-1, unflattened_size=[2, 12])
  )
  (frozen_prior): SemanticRearOwnerRecoveryHistoryMLPModel(
    (obs_normalizer): Identity()
    (distribution): HeteroscedasticGaussianDistribution()
    (mlp): MLP(
      (0): Linear(in_features=439, out_features=256, bias=True)
      (1): ELU(alpha=1.0)
      (2): Linear(in_features=256, out_features=256, bias=True)
      (3): ELU(alpha=1.0)
      (4): Linear(in_features=256, out_features=24, bias=True)
      (5): Unflatten(dim=-1, unflattened_size=[2, 12])
    )
  )
)
Critic Model: MLPModel(
  (obs_normalizer): Identity()
  (mlp): MLP(
    (0): Linear(in_features=448, out_features=128, bias=True)
    (1): ELU(alpha=1.0)
    (2): Linear(in_features=128, out_features=128, bias=True)
    (3): ELU(alpha=1.0)
    (4): Linear(in_features=128, out_features=1, bias=True)
  )
)

[36m===================================================================================================================[0m
[36m[1m[INFO][IsaacLab]: Logging to file: C:\Users\kskzz\AppData\Local\Temp\isaaclab\logs\isaaclab_2026-09-25_00-34-57.log[0m
[36m===================================================================================================================[0m

[33m00:34:57 [simulation_context.py] WARNING: The `enable_external_forces_every_iteration` parameter in the PhysxCfg is set to False. If you are experiencing noisy velocities, consider enabling this flag. You may need to slightly increase the number of velocity iterations (setting it to 1 or 2 rather than 0), together with this flag, to improve the accuracy of velocity updates.[0m
[33m00:34:58 [semantics.py] WARNING: Failed to add labels to prim /World/Obstacle using Replicator API: No module named 'omni.replicator'. 
Please ensure Replicator API is enabled by passing '--enable_cameras' to the AppLauncher.
Falling back to legacy approach.[0m
